2026-10-03 15:30:03,569 client.scraper None Scraper easport.news ha fallado
2026-10-03 15:30:03,569 client.scraper True Scraper easport.novelties ejecutado correctamente
2026-10-03 15:30:03,569 client.scraper True Scraper easport.soon ejecutado correctamente
2026-10-03 15:30:03,569 client.scraper True Scraper easport.free ejecutado correctamente
2026-10-03 15:30:03,569 client.scraper None Scraper easport.updates ha fallado
2026-10-03 15:30:06,521 client.scraper True Scraper news.marca ejecutado correctamente
2026-10-03 15:30:06,521 client.scraper True Scraper news.lanacion ejecutado correctamente
2026-10-03 15:30:06,521 client.scraper True Scraper news.lanacion-tec ejecutado correctamente
2026-10-03 15:30:06,521 client.scraper True Scraper news.wired-espacio ejecutado correctamente
2026-10-03 15:30:06,521 client.scraper True Scraper news.wired-biotec ejecutado correctamente
2026-10-03 15:30:06,521 client.scraper True Scraper news.wired-neuroc ejecutado correctamente
2026-10-03 15:30:06,521 client.scraper True Scraper news.wired-robots ejecutado correctamente
2026-10-03 15:30:06,851 client.scraper True Scraper iracing.cars ejecutado correctamente
2026-10-03 15:30:06,851 client.scraper True Scraper iracing.tracks ejecutado correctamente
2026-10-03 15:30:06,851 client.scraper True Scraper iracing.series ejecutado correctamente
2026-10-03 15:30:06,851 client.scraper None Scraper iracing.seasons ha fallado
2026-10-03 15:30:06,851 client.scraper True Scraper iracing.news ejecutado correctamente
2026-10-03 15:30:11,991 client.scraper True Scraper lol.campeones ejecutado correctamente
2026-10-03 15:30:11,992 client.scraper True Scraper lol.noticias ejecutado correctamente
2026-10-03 15:30:11,992 client.scraper True Scraper lol.notas ejecutado correctamente
